#SpectrumFile	Scan#	Annotation	Protein	Charge	MQScore	CutScore	IntenseBY	BYPresent	Unused	p-value	DeltaScore	DeltaScoreOther	RecordNumber	DBFilePos	SpecFilePos
data/InspectOutfile_test_1.mzXML	4	N.EER.N	Q9CQV8|1433B_MOUSE	1	-6889	1150	200	500	0	0.95000	0	0	1	287	270451
data/InspectOutfile_test_1.mzXML	4	R.EKIE.K	P68509|1433F_BOVIN	1	-1456	3388	300	667	0	0.01000	-1199	-1199	0	87	276369
data/InspectOutfile_test_1.mzXML	4	E.KKLE.K	P68509|1433F_BOVIN	1	-257	3820	450	333	0	0.00001	1199	1199	0	78	276369
data/InspectOutfile_test_1.mzXML	25	D.DAIAE.L	P68509|1433F_BOVIN	1	-6526	354	250	375	0	0.97500	-6269	-6269	0	205	276369
data/InspectOutfile_test_1.mzXML	37	D.EAIAEL.D	Q9CQV8|1433B_MOUSE	1	-2807	2464	350	300	0	0.98536	0	0	1	446	387302
data/InspectOutfile_test_1.mzXML	49	D.KFLIK.N	P68509|1433F_BOVIN	1	-5308	1813	250	375	0	0.98758	0	0	0	106	473207
data/InspectOutfile_test_1.mzXML	120	N.EKKLEKVKA.Y	P68509|1433F_BOVIN	2	-9115	-1187	185	125	0	0.96296	0	0	0	77	1062539
data/InspectOutfile_test_1.mzXML	217	N.EDRNLL.S	P68509|1433F_BOVIN	1	-11835	140	100	0	0	0.97143	0	0	0	41	1720635
data/InspectOutfile_test_1.mzXML	249	A.LLDKF.L	P68509|1433F_BOVIN	1	-4503	2554	300	250	0	0.99043	0	0	0	103	1943362
data/InspectOutfile_test_1.mzXML	501	F.DEAIAELDTLNEE.S	Q9CQV8|1433B_MOUSE	2	-7874	-1829	231	0	0	0.95652	0	0	1	452	3860094
data/InspectOutfile_test_1.mzXML	667	K.LAEQAERYDDMAA.A	Q9CQV8|1433B_MOUSE	2	-9787	-1362	77	125	0	0.96552	0	0	1	266	5279013
data/InspectOutfile_test_1.mzXML	685	N.LTLWTSENQGDEGDAG.E	Q9CQV8|1433B_MOUSE	2	-9056	-2174	125	0	0	0.96296	0	0	1	479	5448607
data/InspectOutfile_test_1.mzXML	736	Y.QEAFEIS.K	Q9CQV8|1433B_MOUSE	1	-11507	478	0	250	0	0.98789	17	17	1	399	6018155
data/InspectOutfile_test_1.mzXML	736	Y.KEAFEIS.K	P68509|1433F_BOVIN	1	-11524	457	0	250	0	0.97059	-17	0	0	156	6018155
data/InspectOutfile_test_1.mzXML	758	S.NEDRNLLSVAYKN.V	P68509|1433F_BOVIN	2	-4841	-481	256	208	0	0.98948	0	0	0	43	6167475
data/InspectOutfile_test_1.mzXML	764	L.LAKQAFDDAIAELDTLNED.S	P68509|1433F_BOVIN	2	-4474	-560	140	250	0	0.99043	0	0	0	201	6208454
data/InspectOutfile_test_1.mzXML	786	T.MDKSELV.Q	Q9CQV8|1433B_MOUSE	1	-12849	-1629	48	167	0	0.97368	0	0	1	253	6399323
data/InspectOutfile_test_1.mzXML	1045	S.VFYYEI.Q	P68509|1433F_BOVIN	1	-15475	-2579	0	100	0	0.97500	0	0	0	184	9842931
data/InspectOutfile_test_1.mzXML	1962	E.AFEIS.K	P68509|1433F_BOVIN	1	-10496	-742	100	375	0	0.96774	0	0	0	159	19098337
