1414.8
1428.75
1446.86
1457.78
1507.78
1547.85
1584.87
1623.87
1629.88
