
 \\bude\langwisc\temp\Inspect_Sequest.mzXML.19.2.d.out
 TurboSEQUEST v.27 (rev. 12), (c) 1998-2005
 Molecular Biotechnology, Univ. of Washington, J.Eng/S.Morgan/J.Yates
 Licensed to ThermoFinnigan Corp.
 01/17/2007, 05:29 PM, 0.0 sec. on BUCHE
 (M+H)+ mass = 1296.35000 ~ 1.3000 (+3), fragment tol = 0.3000, AVG/AVG
 total inten = 8619.8, lowest Sp = 0.0, # matched peptides = 0
 # amino acids = 0, # proteins = 2, \\bude\langwisc\daten\Inspect_Sequest_FASTAFile_test.fasta
 ion series nABY ABCDVWXYZ: 0 1 1 0.0 1.0 0.0 0.0 0.0 0.0 0.0 1.0 0.0
 display top 2/0, ion % = 30.0, CODE = 101010
 match peak mass = 727.96 839.03 ~ 0.30,  allowed errors = 4
 (M* +15.99490) (ct[ +2.00000) (nt] +1.00000) +Cterm-prot=2.00000 +Nterm-prot=4.00000 +Cterm-pep=1.00000 +Nterm-pep=3.00000 L=123.45825 N=124.40310 K=138.47291 H=147.43990 R=166.48635  Enzyme:TEST_enzyme (2)
 sequence header = HUMAN !MOUSE

  #   Rank/Sp      Id#     (M+H)+    deltCn   XCorr    Sp    Ions  Reference  Peptide
 ---  --------  --------  --------   ------  ------   -----  ----  ---------  -------


