
 \\bude\langwisc\temp\Inspect_Sequest.mzXML.13.1.d.out
 TurboSEQUEST v.27 (rev. 12), (c) 1998-2005
 Molecular Biotechnology, Univ. of Washington, J.Eng/S.Morgan/J.Yates
 Licensed to ThermoFinnigan Corp.
 01/17/2007, 05:29 PM, 0.1 sec. on BUCHE
 (M+H)+ mass = 866.60600 ~ 1.3000 (+2), fragment tol = 0.3000, AVG/AVG
 total inten = 8121.0, lowest Sp = 0.0, # matched peptides = 0
 # amino acids = 0, # proteins = 2, \\bude\langwisc\daten\Inspect_Sequest_FASTAFile_test.fasta
 ion series nABY ABCDVWXYZ: 0 1 1 0.0 1.0 0.0 0.0 0.0 0.0 0.0 1.0 0.0
 display top 2/0, ion % = 30.0, CODE = 101010
 match peak mass = 745.01 0.00 ~ 0.30,  allowed errors = 4
 (M* +15.99490) (ct[ +2.00000) (nt] +1.00000) +Cterm-prot=2.00000 +Nterm-prot=4.00000 +Cterm-pep=1.00000 +Nterm-pep=3.00000 L=123.45825 N=124.40310 K=138.47291 H=147.43990 R=166.48635  Enzyme:TEST_enzyme (2)
 sequence header = HUMAN !MOUSE

  #   Rank/Sp      Id#     (M+H)+   deltCn   XCorr    Sp    Sf    P    Ions  Reference                            Peptide
 ---  --------  --------  --------  ------  ------   ----  ----  ----  ----  ---------                            -------
  1.   1 / 80          0 1967.0013  0.0000  1.5789   310.3 0.05    0 18/64  gi|544379|sp|P35574|GDE_RABIT   +2   C.ETQAWSIATILETLYDL.-
                       0  gi|2136928|pir||S38758 amylo-1,6-g
                       0  gi|294478 (L10605) amylo-1, 6-gluc
  2.   2 / 85          0 1967.1985  0.0390  1.5173   308.3 0.04    0 19/64  gi|1172436|sp|P46029|PET2_RABIT +1   M.QVLNPLLVLIFIPLFDL.V
                       0  gi|975890 (U32507) oligopeptide tr
  3.   3 /117          0 1968.1244  0.0501  1.4998   292.4 0.02    0 17/72  gi|1430907|gnl|PID|e148876           L.WVELGPSVLAGVGVM*VLLI.P
  4.   4 /  1          0 1964.9275  0.0627  1.4799   530.9 0.14    0 24/72  gi|114314|sp|P20647|ATCE_RABIT  +7   S.FDEITAMTGDGVNDAPALK.K
                       0  gi|114310|sp|P04192|ATCD_RABIT CAL
                       0  gi|67962|pir||PWRBMC Ca2+-transpor
                       0  gi|67961|pir||PWRBSC Ca2+-transpor
                       0  gi|109166|pir||A33881 Ca2+-transpo
                       0  gi|224621|prf||1109242A ATPase,Ca 
                       0  gi|1469 (X02814) Ca2+-ATPase [Oryc
                       0  gi|164739 (J04703) calcium-ATPase 
  5.   5 /260          0 1968.9932  0.0816  1.4501   258.0 0.01    0 17/68  gi|134134|sp|P11716|RYNR_RABIT  +4   G.QHARDPVGGSVEFQFVPV.L
                       0  gi|482960|pir||B35041 ryanodine re
                       0  gi|226386|prf||1509336A ryanodine 
                       0  gi|1714 (X15209) ryanodine recepto
                       0  gi|1710 (X15750) ryanodine recepto
  6.   6 /379          0 1967.9714  0.0890  1.4383   238.6 0.00    0 18/68  gi|1352109|sp|P48747|CO9_RABIT  +1   E.ETSNFNANLALKFTPTEA.K
                       0  gi|687679 (U20055) complement comp
  7.   7 /  8          0 1966.8452  0.1238  1.3834   417.0 0.08    0 19/64  gi|399203|sp|Q02344|CB22_RABIT  +7   C.M*DPADDDGQFQEQRSLV.V
                       0  gi|399202|sp|Q02343|CB21_RABIT BRA
                       0  gi|478761|pir||S29237 calcium chan
                       0  gi|478760|pir||S29236 calcium chan
                       0  gi|742788|prf||2011160B Ca channel
                       0  gi|742787|prf||2011160A Ca channel
                       0  gi|1475 (X67856) brain calcium cha
                       0  gi|1473 (X67855) brain calcium cha
  8.   8 /324          0 1965.9479  0.1266  1.3789   248.5 0.00    0 16/64  gi|114314|sp|P20647|ATCE_RABIT  +11  A.ENAIEALKEYEPEM*GKV.Y
                       0  gi|114307|sp|P11719|ATCB_RABIT CAL
                       0  gi|114310|sp|P04192|ATCD_RABIT CAL
                       0  gi|114304|sp|P04191|ATCA_RABIT CAL
                       0  gi|67962|pir||PWRBMC Ca2+-transpor
                       0  gi|67961|pir||PWRBSC Ca2+-transpor
                       0  gi|67960|pir||PWRBFC Ca2+-transpor
                       0  gi|109166|pir||A33881 Ca2+-transpo
                       0  gi|224621|prf||1109242A ATPase,Ca 
                       0  gi|1469 (X02814) Ca2+-ATPase [Oryc
                       0  gi|164779 (M12898) Ca2+ ATPase [Or
                       0  gi|164739 (J04703) calcium-ATPase 
  9.   9 / 71          0 1966.0550  0.1500  1.3421   317.0 0.03    0 15/60  gi|464323|sp|P26203|P15B_RABIT  +7   I.PLNFRIKETVCIFTLD.R
                       0  gi|464322|sp|P26202|P15A_RABIT 15 
                       0  gi|423346|pir||B46634 polymorphonu
                       0  gi|423345|pir||A46634 polymorphonu
                       0  gi|544644|bbs|142845 (S68155) BPI-
                       0  gi|544642|bbs|142843 (S68154) BPI-
                       0  gi|294494 (L07588) leukocyte prote
                       0  gi|294492 (L07587) leukocyte prote
 10.  10 /121          0 1968.9166  0.1657  1.3173   290.2 0.02    0 18/64  gi|1839256                           L.DHSNDPKAIMFPTYGYI.D
 11.  11 /278          0 1965.0454  0.1680  1.3137   254.6 0.01    0 17/64  gi|2668412|gnl|PID|d1024682          A.KGMLPDPKNVHIIVSWM.I
 12.  12 /  9          0 1968.9602  0.1708  1.3091   414.4 0.08    0 20/64  gi|441054|gnl|PID|d1005682           Q.RYIDMVPNNVPHAVTQD.I

  1.          0  gi|544379|sp|P35574|GDE_RABIT GLYCOGEN DEBRANCHING ENZYME (4-ALPHA-GLUCANO
      TRAN
  2.          0  gi|1172436|sp|P46029|PET2_RABIT OLIGOPEPTIDE TRANSPORTER, KIDNEY ISOFORM (
      PEPT
  3.          0  gi|1430907|gnl|PID|e148876 (Z49144) epithelial basolatelar chloride conduc
      tanc
  4.          0  gi|114314|sp|P20647|ATCE_RABIT CALCIUM-TRANSPORTING ATPASE ENDOPLASMIC RET
      ICUL
  5.          0  gi|134134|sp|P11716|RYNR_RABIT RYANODINE RECEPTOR, SKELETAL MUSCLE (SKELET
      AL M
  6.          0  gi|1352109|sp|P48747|CO9_RABIT COMPLEMENT COMPONENT C9 PRECURSOR
  7.          0  gi|399203|sp|Q02344|CB22_RABIT BRAIN CALCIUM CHANNEL BII-2 PROTEIN
  8.          0  gi|114314|sp|P20647|ATCE_RABIT CALCIUM-TRANSPORTING ATPASE ENDOPLASMIC RET
      ICUL
  9.          0  gi|464323|sp|P26203|P15B_RABIT 15 KD PROTEIN B PRECURSOR (P15B) (P15H)
 10.          0  gi|1839256 (U88652) macrophage metalloelastase MMP-12 precursor [Oryctolag
      us c
 11.          0  gi|2668412|gnl|PID|d1024682 (AB009386) ADP/ATP translocase [Oryctolagus cu
      nicu
 12.          0  gi|441054|gnl|PID|d1005682 (D26153) cytochrome P-450 [Oryctolagus cuniculus]


