
 \\bude\langwisc\temp\Inspect_Sequest.mzXML.15.1.d.out
 TurboSEQUEST v.27 (rev. 12), (c) 1998-2005
 Molecular Biotechnology, Univ. of Washington, J.Eng/S.Morgan/J.Yates
 Licensed to ThermoFinnigan Corp.
 01/17/2007, 05:29 PM, 0.0 sec. on BUCHE
 (M+H)+ mass = 823.33600 ~ 1.3000 (+2), fragment tol = 0.3000, AVG/AVG
 total inten = 10159.7, lowest Sp = 0.0, # matched peptides = 0
 # amino acids = 0, # proteins = 2, \\bude\langwisc\daten\Inspect_Sequest_FASTAFile_test.fasta
 ion series nABY ABCDVWXYZ: 0 1 1 0.0 1.0 0.0 0.0 0.0 0.0 0.0 1.0 0.0
 display top 2/0, ion % = 30.0, CODE = 101010
 match peak mass = 483.08 649.00 ~ 0.30,  allowed errors = 4
 (M* +15.99490) (ct[ +2.00000) (nt] +1.00000) +Cterm-prot=2.00000 +Nterm-prot=4.00000 +Cterm-pep=1.00000 +Nterm-pep=3.00000 L=123.45825 N=124.40310 K=138.47291 H=147.43990 R=166.48635  Enzyme:TEST_enzyme (2)
 sequence header = HUMAN !MOUSE

  #   Rank/Sp      Id#     (M+H)+   deltCn   XCorr    Sp    Sf    P    Ions  Reference                            Peptide
 ---  --------  --------  --------  ------  ------   ----  ----  ----  ----  ---------                            -------
  1.   1 /154          0  942.4144  0.0000  0.8924    34.4 0.00    0  5/12  gi|627806|pir||A54319           +4   M.WRAYTDM.R
                       0  gi|90139|pir||JS0608 serum amyloid
                       0  gi|299487|bbs|129341 serum amyloid
                       0  gi|239908|bbs|68876 serum amyloid 
                       0  gi|517271 (X58728) unknown [Orycto
  2.   2 / 51          0  940.3933  0.0725  0.8277    43.2 0.00    0  6/16  gi|134134|sp|P11716|RYNR_RABIT  +4   E.VLM*SDSGSE.T
                       0  gi|482960|pir||B35041 ryanodine re
                       0  gi|226386|prf||1509336A ryanodine 
                       0  gi|1714 (X15209) ryanodine recepto
                       0  gi|1710 (X15750) ryanodine recepto
  3.   3 /280          0  942.4433  0.1106  0.7937    29.6 0.00    0  5/14  gi|2851405|sp|P29294|KMLS_RABIT +2   K.YTCKAVNS.L
                       0  gi|90103|pir||A41674 myosin-light-
                       0  gi|165704 (M76233) [Rabbit smooth 
  4.   4 / 11          0  940.4892  0.1159  0.7890    57.2 0.01    0  6/12  gi|231506|sp|P29751|ACTB_RABIT  +10  T.FYNELRV.A
                       0  gi|113266|sp|P03996|ACTA_HUMAN ACT
                       0  gi|113287|sp|P02568|ACTS_HUMAN ACT
                       0  gi|229690|pdb|1ATN|A Chain A, Deox
                       0  gi|279668|pir||ATRBB actin beta - 
                       0  gi|279667|pir||ATRBSM actin alpha,
                       0  gi|71611|pir||ATRB actin, skeletal
                       0  gi|2119322|pir||I46471 alpha-actin
                       0  gi|1703 (X60733) gamma non-muscle 
                       0  gi|1701 (X60732) alpha-smooth musc
                       0  gi|809562 (V00872) fragment from a
  5.   5 / 37          0  941.5169  0.1212  0.7842    46.2 0.00    0  7/18  gi|109369|pir||S19946           +1   D.KGPAARPASS.G
                       0  gi|1721 (X65078) surfactant associ
  6.   6 / 40          0  941.3715  0.1555  0.7537    46.0 0.00    0  6/14  gi|2920522                           I.YFSSYGMS.W
  7.   7 / 60          0  941.3715  0.1937  0.7196    41.9 0.00    0  6/14  gi|2495015|sp|Q28691|PER4_RABIT +1   S.YM*YAGFSS.F
                       0  gi|1045021 (L47207) prostaglandin 
  8.   8 / 89          0  942.3779  0.2038  0.7105    38.9 0.00    0  6/14  gi|119578|sp|P12337|EST1_RABIT  +1   T.TSYPPMCS.S
                       0  gi|109146|pir||A29923 carboxyleste
  9.   9 /  6          0  941.4984  0.2077  0.7070    63.2 0.01    0  7/14  gi|346611|pir||S27272           +1   S.FYSALIDL.L
                       0  gi|383114|prf||1902231A ryanodine 
 10.  10 / 28          0  941.4045  0.2142  0.7013    48.2 0.00    0  6/14  gi|116859|sp|P28863|COG3_RABIT  +2   F.FYFFSGSS.Q
                       0  gi|67693|pir||KCRBS1 stromelysin 1
                       0  gi|165710 (M25664) metalloproteina
 11.  11 / 18          0  941.3344  0.2149  0.7006    53.8 0.01    0  7/16  gi|136193|sp|P19134|TRFE_RABIT  +3   I.M*NGEADAMS.L
                       0  gi|2736314 (AF031625) transferrin 
                       0  gi|418696|pir||TFRBP transferrin p
                       0  gi|1751 (X58533) liver transferrin
 12.  12 /134          0  940.4787  0.2207  0.6955    35.6 0.00    0  6/16  gi|2644968|gnl|PID|e1186556          P.PGRGGRPM*P.P

108. 108 /  1          0  944.4689  0.5917  0.3643    69.9 0.00    1  8/18  gi|399203|sp|Q02344|CB22_RABIT  +7   S.SPEGVGKEAA.P
                       0  gi|399202|sp|Q02343|CB21_RABIT BRA
                       0  gi|478761|pir||S29237 calcium chan
                       0  gi|478760|pir||S29236 calcium chan
                       0  gi|742788|prf||2011160B Ca channel
                       0  gi|742787|prf||2011160A Ca channel
                       0  gi|1475 (X67856) brain calcium cha
                       0  gi|1473 (X67855) brain calcium cha

  1.          0  gi|627806|pir||A54319 serum amyloid A - rabbit
  2.          0  gi|134134|sp|P11716|RYNR_RABIT RYANODINE RECEPTOR, SKELETAL MUSCLE (SKELET
      AL M
  3.          0  gi|2851405|sp|P29294|KMLS_RABIT MYOSIN LIGHT CHAIN KINASE, SMOOTH MUSCLE (
      MLCK
  4.          0  gi|231506|sp|P29751|ACTB_RABIT ACTIN, CYTOPLASMIC 1 (BETA-ACTIN)
  5.          0  gi|109369|pir||S19946 pulmonary surfactant protein C - rabbit
  6.          0  gi|2920522 (AF014754) immunoglobulin mu heavy chain VDJ region [Oryctolagu
      s cu
  7.          0  gi|2495015|sp|Q28691|PER4_RABIT PROSTAGLANDIN E2 RECEPTOR, EP4 SUBTYPE (PR
      OSTA
  8.          0  gi|119578|sp|P12337|EST1_RABIT LIVER CARBOXYLESTERASE 1
  9.          0  gi|346611|pir||S27272 ryanodine receptor, brain - rabbit
 10.          0  gi|116859|sp|P28863|COG3_RABIT STROMELYSIN-1 PRECURSOR (MATRIX METALLOPROT
      EINA
 11.          0  gi|136193|sp|P19134|TRFE_RABIT SEROTRANSFERRIN PRECURSOR (SIDEROPHILIN) (B
      ETA-
 12.          0  gi|2644968|gnl|PID|e1186556 (AJ003024) hnRNP-K protein [Oryctolagus cunicu
      lus]


