<?xml version="1.0" encoding="ISO-8859-1"?><!-- -*- mode: nxml; tab-width: 2 -*- -->
<celllist>
<cell nr="0">
	<first>
		<fposition dim="0">902.001</fposition>
		<fposition dim="1">603.348</fposition>
	</first>
	<second>
		<sposition dim="0">1548.15</sposition>
		<sposition dim="1">1002.25</sposition>
	</second>
	<mappinglist>
		<mapping name="LinearMapping">
			<param name="slope" value="2"></param>
			<param name="intercept" value="11.9994"></param>
		</mapping>
		<mapping name="LinearMapping">
			<param name="slope" value="1"></param>
			<param name="intercept" value="0.0987477"></param>
		</mapping>
	</mappinglist>
</cell>
</celllist>
