#SpectrumFile	Scan#	Annotation	Protein	Charge	MQScore	CutScore	IntenseBY	BYPresent	NTT	p-value	DeltaScore	DeltaScoreOther	RecordNumber	DBFilePos	SpecFilePos
Inspect.mzXML	13	E.NQGD.E	Q9CQV8|1433B_MOUSE	1	-12.839	1.273	0.150	0.167	0.000	0.97500	0.000	0.000	3	826	50881
