
 ./OR20070924_S_mix7_10.06910.06910.2.out
 SEQUEST v.27 (rev. 0), (c) 1993
 Molecular Biotechnology, Univ. of Washington, J.Eng/J.Yates
 Licensed to Finnigan Corp., A Division of ThermoQuest Corp.
 01/13/2008, 02:51 AM, 1 sec. on regis14
 (M+H)+ mass = 1911.6227 ~ 3.0000 (+2), fragment tol = 0.0, MONO/AVG
 total inten = 12395.5, lowest Sp = 117.5, # matched peptides = 28900
 # amino acids = 567460, # proteins = 1822, /dbase/misc/18mix092106/18mix092106_hinf
 ion series nABY ABCDVWXYZ: 0 0 0 0.0 1.0 0.0 0.0 0.0 0.0 0.0 1.0 0.0
 display top 5/3, ion % = 0.0, CODE = 0000
 C=160.009 

  #   Rank/Sp    (M+H)+   deltCn   XCorr    Sp     Ions  Reference                    Peptide
 ---  -------  ---------  ------  ------   ----    ----  ---------                    -------
  1.   1 /  1  1913.9133  0.0000  1.8500   347.4  12/34  gi|1574687|gb|AAC22787.1|  V.VGYTDIDGNGIEGIEKSF.N
  2.   2 / 43  1909.9507  0.1675  1.5401   188.8  10/40  SW:K2C5_HUMAN              E.GVGPVNISVVTSSVSSGYGSG.S
  3.   3 / 25  1913.0186  0.1933  1.4924   209.9   9/28  gi|1574638|gb|AAC22740.1|  L.YFKWRKGNKSGEWKV.Y
  4.   4 / 30  1913.0132  0.1935  1.4921   199.9   9/34  gi|1574446|gb|AAC23248.1|  F.KSKIFTQSANKGTFGAVE.K
  5.   5 / 15  1908.8503  0.2268  1.4304   233.8  10/30  gi|1574302|gb|AAC23108.1|  N.IGDSYQASLEDYKQYE.E

  1.  gi|1574687|gb|AAC22787.1| penicillin-binding protein 3 (ftsI) [Haemophilus
      influenzae Rd]
  2.  SW:K2C5_HUMAN KERATIN, TYPE II CYTOSKELETAL 5 (CYTOKERATIN 5) (K5) (CK 5) 
      (58 K
  3.  gi|1574638|gb|AAC22740.1| conserved hypothetical protein [Haemophilus infl
      uenzae Rd]


